../Core/Src/ds18b20.c:3:22:DelayMicro	16	static
../Core/Src/ds18b20.c:10:6:port_init	8	static
../Core/Src/ds18b20.c:18:9:ds18b20_Reset	16	static
../Core/Src/ds18b20.c:31:9:ds18b20_ReadBit	16	static
../Core/Src/ds18b20.c:43:9:ds18b20_ReadByte	16	static
../Core/Src/ds18b20.c:51:6:ds18b20_WriteBit	16	static
../Core/Src/ds18b20.c:59:6:ds18b20_WriteByte	24	static
../Core/Src/ds18b20.c:69:9:ds18b20_init	16	static
../Core/Src/ds18b20.c:88:6:ds18b20_MeasureTemperCmd	16	static
../Core/Src/ds18b20.c:100:6:ds18b20_ReadStratcpad	32	static
../Core/Src/ds18b20.c:117:9:ds18b20_GetSign	16	static
../Core/Src/ds18b20.c:124:7:ds18b20_Convert	24	static
